<testsuites id="" name="" tests="25" failures="20" skipped="0" errors="0" time="126.767333">
<testsuite name="schedules_modal.spec.ts" timestamp="2025-09-26T10:32:10.273Z" hostname="chromium" tests="5" failures="4" skipped="0" time="122.819" errors="0">
<testcase name="Schedules - ScheduleEventModal › smoke: apre il modal e mostra i controlli base" classname="schedules_modal.spec.ts" time="1.915">
</testcase>
<testcase name="Schedules - ScheduleEventModal › compila Step 1 (Dettagli) e verifica riepilogo ore" classname="schedules_modal.spec.ts" time="30.105">
<failure message="schedules_modal.spec.ts:132:3 compila Step 1 (Dettagli) e verifica riepilogo ore" type="FAILURE">
<![CDATA[  [chromium] › schedules_modal.spec.ts:132:3 › Schedules - ScheduleEventModal › compila Step 1 (Dettagli) e verifica riepilogo ore 

    Test timeout of 30000ms exceeded.

    Error: locator.fill: Test timeout of 30000ms exceeded.
    Call log:
      - waiting for locator('.react-select__input input').first()


      139 |     await page.locator('.react-select__control').first().click();
      140 |     // Digita parte del nome e seleziona l'opzione
    > 141 |     await page.locator('.react-select__input input').first().fill('Sicurezza');
          |                                                              ^
      142 |     await page.getByRole('option', { name: 'Corso Sicurezza Base' }).click();
      143 |
      144 |     // Sezione "Tipo Corso *": seleziona pillola "Aggiornamento" (non più react-select)
        at /Users/matteo.michielon/project 2.0/tests/e2e/schedules_modal.spec.ts:141:62

    attachment #1: screenshot (image/png) ──────────────────────────────────────────────────────────
    ../../test-results/schedules_modal-Schedules--0aa95-li-e-verifica-riepilogo-ore-chromium/test-failed-1.png
    ────────────────────────────────────────────────────────────────────────────────────────────────

    attachment #2: video (video/webm) ──────────────────────────────────────────────────────────────
    ../../test-results/schedules_modal-Schedules--0aa95-li-e-verifica-riepilogo-ore-chromium/video.webm
    ────────────────────────────────────────────────────────────────────────────────────────────────

    Error Context: ../../test-results/schedules_modal-Schedules--0aa95-li-e-verifica-riepilogo-ore-chromium/error-context.md
]]>
</failure>
<system-out>
<![CDATA[
[[ATTACHMENT|schedules_modal-Schedules--0aa95-li-e-verifica-riepilogo-ore-chromium/test-failed-1.png]]

[[ATTACHMENT|schedules_modal-Schedules--0aa95-li-e-verifica-riepilogo-ore-chromium/video.webm]]

[[ATTACHMENT|schedules_modal-Schedules--0aa95-li-e-verifica-riepilogo-ore-chromium/error-context.md]]
]]>
</system-out>
</testcase>
<testcase name="Schedules - ScheduleEventModal › macro-corso con varianti: mostra pillole rischio/tipo, auto-selezione rischio unico e required" classname="schedules_modal.spec.ts" time="30.099">
<failure message="schedules_modal.spec.ts:171:3 macro-corso con varianti: mostra pillole rischio/tipo, auto-selezione rischio unico e required" type="FAILURE">
<![CDATA[  [chromium] › schedules_modal.spec.ts:171:3 › Schedules - ScheduleEventModal › macro-corso con varianti: mostra pillole rischio/tipo, auto-selezione rischio unico e required 

    Test timeout of 30000ms exceeded.

    Error: locator.fill: Test timeout of 30000ms exceeded.
    Call log:
      - waiting for locator('.react-select__input input').first()


      175 |     // Seleziona "Corso Sicurezza Base" (solo rischio BASSO, tipo con 2 opzioni)
      176 |     await page.locator('.react-select__control').first().click();
    > 177 |     await page.locator('.react-select__input input').first().fill('Sicurezza');
          |                                                              ^
      178 |     await page.getByRole('option', { name: 'Corso Sicurezza Base' }).click();
      179 |
      180 |     // Rischio: sezione required e pillole presenti, auto-selezione "Basso"
        at /Users/matteo.michielon/project 2.0/tests/e2e/schedules_modal.spec.ts:177:62

    attachment #1: screenshot (image/png) ──────────────────────────────────────────────────────────
    ../../test-results/schedules_modal-Schedules--f52e9-ne-rischio-unico-e-required-chromium/test-failed-1.png
    ────────────────────────────────────────────────────────────────────────────────────────────────

    attachment #2: video (video/webm) ──────────────────────────────────────────────────────────────
    ../../test-results/schedules_modal-Schedules--f52e9-ne-rischio-unico-e-required-chromium/video.webm
    ────────────────────────────────────────────────────────────────────────────────────────────────

    Error Context: ../../test-results/schedules_modal-Schedules--f52e9-ne-rischio-unico-e-required-chromium/error-context.md
]]>
</failure>
<system-out>
<![CDATA[
[[ATTACHMENT|schedules_modal-Schedules--f52e9-ne-rischio-unico-e-required-chromium/test-failed-1.png]]

[[ATTACHMENT|schedules_modal-Schedules--f52e9-ne-rischio-unico-e-required-chromium/video.webm]]

[[ATTACHMENT|schedules_modal-Schedules--f52e9-ne-rischio-unico-e-required-chromium/error-context.md]]
]]>
</system-out>
</testcase>
<testcase name="Schedules - ScheduleEventModal › macro-corso senza varianti: sezione disabilitata e reset quando si cambia corso" classname="schedules_modal.spec.ts" time="30.596">
<failure message="schedules_modal.spec.ts:202:3 macro-corso senza varianti: sezione disabilitata e reset quando si cambia corso" type="FAILURE">
<![CDATA[  [chromium] › schedules_modal.spec.ts:202:3 › Schedules - ScheduleEventModal › macro-corso senza varianti: sezione disabilitata e reset quando si cambia corso 

    Test timeout of 30000ms exceeded.

    Error: locator.fill: Test timeout of 30000ms exceeded.
    Call log:
      - waiting for locator('.react-select__input input').first()


      206 |     // 1) Seleziona macro-corso con varianti -> rischio auto-selezionato Basso
      207 |     await page.locator('.react-select__control').first().click();
    > 208 |     await page.locator('.react-select__input input').first().fill('Sicurezza');
          |                                                              ^
      209 |     await page.getByRole('option', { name: 'Corso Sicurezza Base' }).click();
      210 |     const rischioSection = page.getByText('Livello di Rischio *').locator('..');
      211 |     await expect(rischioSection.getByRole('button', { name: 'Basso' })).toHaveClass(/bg-primary-100/);
        at /Users/matteo.michielon/project 2.0/tests/e2e/schedules_modal.spec.ts:208:62

    attachment #1: screenshot (image/png) ──────────────────────────────────────────────────────────
    ../../test-results/schedules_modal-Schedules--0b33d-eset-quando-si-cambia-corso-chromium/test-failed-1.png
    ────────────────────────────────────────────────────────────────────────────────────────────────

    attachment #2: video (video/webm) ──────────────────────────────────────────────────────────────
    ../../test-results/schedules_modal-Schedules--0b33d-eset-quando-si-cambia-corso-chromium/video.webm
    ────────────────────────────────────────────────────────────────────────────────────────────────

    Error Context: ../../test-results/schedules_modal-Schedules--0b33d-eset-quando-si-cambia-corso-chromium/error-context.md
]]>
</failure>
<system-out>
<![CDATA[
[[ATTACHMENT|schedules_modal-Schedules--0b33d-eset-quando-si-cambia-corso-chromium/test-failed-1.png]]

[[ATTACHMENT|schedules_modal-Schedules--0b33d-eset-quando-si-cambia-corso-chromium/video.webm]]

[[ATTACHMENT|schedules_modal-Schedules--0b33d-eset-quando-si-cambia-corso-chromium/error-context.md]]
]]>
</system-out>
</testcase>
<testcase name="Primo Soccorso con più varianti: mostra pillole rischio e tipo" classname="schedules_modal.spec.ts" time="30.104">
<failure message="schedules_modal.spec.ts:237:3 Primo Soccorso con più varianti: mostra pillole rischio e tipo" type="FAILURE">
<![CDATA[  [chromium] › schedules_modal.spec.ts:237:3 › Primo Soccorso con più varianti: mostra pillole rischio e tipo 

    Test timeout of 30000ms exceeded.

    Error: locator.fill: Test timeout of 30000ms exceeded.
    Call log:
      - waiting for locator('.react-select__input input').first()


      400 |     await courseSelect.click();
      401 |     // Digita direttamente tramite input dell'AsyncSelect per garantire l'apertura del menu
    > 402 |     await page.locator('.react-select__input input').first().fill('Primo');
          |                                                              ^
      403 |     await expect(page.getByRole('option', { name: 'Primo Soccorso' })).toBeVisible({ timeout: 10000 });
      404 |     await page.getByRole('option', { name: 'Primo Soccorso' }).click();
      405 |
        at /Users/matteo.michielon/project 2.0/tests/e2e/schedules_modal.spec.ts:402:62

    attachment #1: screenshot (image/png) ──────────────────────────────────────────────────────────
    ../../test-results/schedules_modal-Primo-Socc-df021-stra-pillole-rischio-e-tipo-chromium/test-failed-1.png
    ────────────────────────────────────────────────────────────────────────────────────────────────

    attachment #2: video (video/webm) ──────────────────────────────────────────────────────────────
    ../../test-results/schedules_modal-Primo-Socc-df021-stra-pillole-rischio-e-tipo-chromium/video.webm
    ────────────────────────────────────────────────────────────────────────────────────────────────

    Error Context: ../../test-results/schedules_modal-Primo-Socc-df021-stra-pillole-rischio-e-tipo-chromium/error-context.md
]]>
</failure>
<system-out>
<![CDATA[
[[ATTACHMENT|schedules_modal-Primo-Socc-df021-stra-pillole-rischio-e-tipo-chromium/test-failed-1.png]]

[[ATTACHMENT|schedules_modal-Primo-Socc-df021-stra-pillole-rischio-e-tipo-chromium/video.webm]]

[[ATTACHMENT|schedules_modal-Primo-Socc-df021-stra-pillole-rischio-e-tipo-chromium/error-context.md]]
]]>
</system-out>
</testcase>
</testsuite>
<testsuite name="schedules_modal.spec.ts" timestamp="2025-09-26T10:32:10.273Z" hostname="firefox" tests="5" failures="4" skipped="0" time="121.866" errors="0">
<testcase name="Schedules - ScheduleEventModal › smoke: apre il modal e mostra i controlli base" classname="schedules_modal.spec.ts" time="1.244">
</testcase>
<testcase name="Schedules - ScheduleEventModal › compila Step 1 (Dettagli) e verifica riepilogo ore" classname="schedules_modal.spec.ts" time="30.154">
<failure message="schedules_modal.spec.ts:132:3 compila Step 1 (Dettagli) e verifica riepilogo ore" type="FAILURE">
<![CDATA[  [firefox] › schedules_modal.spec.ts:132:3 › Schedules - ScheduleEventModal › compila Step 1 (Dettagli) e verifica riepilogo ore 

    Test timeout of 30000ms exceeded.

    Error: locator.fill: Test timeout of 30000ms exceeded.
    Call log:
      - waiting for locator('.react-select__input input').first()


      139 |     await page.locator('.react-select__control').first().click();
      140 |     // Digita parte del nome e seleziona l'opzione
    > 141 |     await page.locator('.react-select__input input').first().fill('Sicurezza');
          |                                                              ^
      142 |     await page.getByRole('option', { name: 'Corso Sicurezza Base' }).click();
      143 |
      144 |     // Sezione "Tipo Corso *": seleziona pillola "Aggiornamento" (non più react-select)
        at /Users/matteo.michielon/project 2.0/tests/e2e/schedules_modal.spec.ts:141:62

    attachment #1: screenshot (image/png) ──────────────────────────────────────────────────────────
    ../../test-results/schedules_modal-Schedules--0aa95-li-e-verifica-riepilogo-ore-firefox/test-failed-1.png
    ────────────────────────────────────────────────────────────────────────────────────────────────

    attachment #2: video (video/webm) ──────────────────────────────────────────────────────────────
    ../../test-results/schedules_modal-Schedules--0aa95-li-e-verifica-riepilogo-ore-firefox/video.webm
    ────────────────────────────────────────────────────────────────────────────────────────────────

    Error Context: ../../test-results/schedules_modal-Schedules--0aa95-li-e-verifica-riepilogo-ore-firefox/error-context.md
]]>
</failure>
<system-out>
<![CDATA[
[[ATTACHMENT|schedules_modal-Schedules--0aa95-li-e-verifica-riepilogo-ore-firefox/test-failed-1.png]]

[[ATTACHMENT|schedules_modal-Schedules--0aa95-li-e-verifica-riepilogo-ore-firefox/video.webm]]

[[ATTACHMENT|schedules_modal-Schedules--0aa95-li-e-verifica-riepilogo-ore-firefox/error-context.md]]
]]>
</system-out>
</testcase>
<testcase name="Schedules - ScheduleEventModal › macro-corso con varianti: mostra pillole rischio/tipo, auto-selezione rischio unico e required" classname="schedules_modal.spec.ts" time="30.12">
<failure message="schedules_modal.spec.ts:171:3 macro-corso con varianti: mostra pillole rischio/tipo, auto-selezione rischio unico e required" type="FAILURE">
<![CDATA[  [firefox] › schedules_modal.spec.ts:171:3 › Schedules - ScheduleEventModal › macro-corso con varianti: mostra pillole rischio/tipo, auto-selezione rischio unico e required 

    Test timeout of 30000ms exceeded.

    Error: locator.fill: Test timeout of 30000ms exceeded.
    Call log:
      - waiting for locator('.react-select__input input').first()


      175 |     // Seleziona "Corso Sicurezza Base" (solo rischio BASSO, tipo con 2 opzioni)
      176 |     await page.locator('.react-select__control').first().click();
    > 177 |     await page.locator('.react-select__input input').first().fill('Sicurezza');
          |                                                              ^
      178 |     await page.getByRole('option', { name: 'Corso Sicurezza Base' }).click();
      179 |
      180 |     // Rischio: sezione required e pillole presenti, auto-selezione "Basso"
        at /Users/matteo.michielon/project 2.0/tests/e2e/schedules_modal.spec.ts:177:62

    attachment #1: screenshot (image/png) ──────────────────────────────────────────────────────────
    ../../test-results/schedules_modal-Schedules--f52e9-ne-rischio-unico-e-required-firefox/test-failed-1.png
    ────────────────────────────────────────────────────────────────────────────────────────────────

    attachment #2: video (video/webm) ──────────────────────────────────────────────────────────────
    ../../test-results/schedules_modal-Schedules--f52e9-ne-rischio-unico-e-required-firefox/video.webm
    ────────────────────────────────────────────────────────────────────────────────────────────────

    Error Context: ../../test-results/schedules_modal-Schedules--f52e9-ne-rischio-unico-e-required-firefox/error-context.md
]]>
</failure>
<system-out>
<![CDATA[
[[ATTACHMENT|schedules_modal-Schedules--f52e9-ne-rischio-unico-e-required-firefox/test-failed-1.png]]

[[ATTACHMENT|schedules_modal-Schedules--f52e9-ne-rischio-unico-e-required-firefox/video.webm]]

[[ATTACHMENT|schedules_modal-Schedules--f52e9-ne-rischio-unico-e-required-firefox/error-context.md]]
]]>
</system-out>
</testcase>
<testcase name="Schedules - ScheduleEventModal › macro-corso senza varianti: sezione disabilitata e reset quando si cambia corso" classname="schedules_modal.spec.ts" time="30.116">
<failure message="schedules_modal.spec.ts:202:3 macro-corso senza varianti: sezione disabilitata e reset quando si cambia corso" type="FAILURE">
<![CDATA[  [firefox] › schedules_modal.spec.ts:202:3 › Schedules - ScheduleEventModal › macro-corso senza varianti: sezione disabilitata e reset quando si cambia corso 

    Test timeout of 30000ms exceeded.

    Error: locator.fill: Test timeout of 30000ms exceeded.
    Call log:
      - waiting for locator('.react-select__input input').first()


      206 |     // 1) Seleziona macro-corso con varianti -> rischio auto-selezionato Basso
      207 |     await page.locator('.react-select__control').first().click();
    > 208 |     await page.locator('.react-select__input input').first().fill('Sicurezza');
          |                                                              ^
      209 |     await page.getByRole('option', { name: 'Corso Sicurezza Base' }).click();
      210 |     const rischioSection = page.getByText('Livello di Rischio *').locator('..');
      211 |     await expect(rischioSection.getByRole('button', { name: 'Basso' })).toHaveClass(/bg-primary-100/);
        at /Users/matteo.michielon/project 2.0/tests/e2e/schedules_modal.spec.ts:208:62

    attachment #1: screenshot (image/png) ──────────────────────────────────────────────────────────
    ../../test-results/schedules_modal-Schedules--0b33d-eset-quando-si-cambia-corso-firefox/test-failed-1.png
    ────────────────────────────────────────────────────────────────────────────────────────────────

    attachment #2: video (video/webm) ──────────────────────────────────────────────────────────────
    ../../test-results/schedules_modal-Schedules--0b33d-eset-quando-si-cambia-corso-firefox/video.webm
    ────────────────────────────────────────────────────────────────────────────────────────────────

    Error Context: ../../test-results/schedules_modal-Schedules--0b33d-eset-quando-si-cambia-corso-firefox/error-context.md
]]>
</failure>
<system-out>
<![CDATA[
[[ATTACHMENT|schedules_modal-Schedules--0b33d-eset-quando-si-cambia-corso-firefox/test-failed-1.png]]

[[ATTACHMENT|schedules_modal-Schedules--0b33d-eset-quando-si-cambia-corso-firefox/video.webm]]

[[ATTACHMENT|schedules_modal-Schedules--0b33d-eset-quando-si-cambia-corso-firefox/error-context.md]]
]]>
</system-out>
</testcase>
<testcase name="Primo Soccorso con più varianti: mostra pillole rischio e tipo" classname="schedules_modal.spec.ts" time="30.232">
<failure message="schedules_modal.spec.ts:237:3 Primo Soccorso con più varianti: mostra pillole rischio e tipo" type="FAILURE">
<![CDATA[  [firefox] › schedules_modal.spec.ts:237:3 › Primo Soccorso con più varianti: mostra pillole rischio e tipo 

    Test timeout of 30000ms exceeded.

    Error: locator.fill: Test timeout of 30000ms exceeded.
    Call log:
      - waiting for locator('.react-select__input input').first()


      400 |     await courseSelect.click();
      401 |     // Digita direttamente tramite input dell'AsyncSelect per garantire l'apertura del menu
    > 402 |     await page.locator('.react-select__input input').first().fill('Primo');
          |                                                              ^
      403 |     await expect(page.getByRole('option', { name: 'Primo Soccorso' })).toBeVisible({ timeout: 10000 });
      404 |     await page.getByRole('option', { name: 'Primo Soccorso' }).click();
      405 |
        at /Users/matteo.michielon/project 2.0/tests/e2e/schedules_modal.spec.ts:402:62

    attachment #1: screenshot (image/png) ──────────────────────────────────────────────────────────
    ../../test-results/schedules_modal-Primo-Socc-df021-stra-pillole-rischio-e-tipo-firefox/test-failed-1.png
    ────────────────────────────────────────────────────────────────────────────────────────────────

    attachment #2: video (video/webm) ──────────────────────────────────────────────────────────────
    ../../test-results/schedules_modal-Primo-Socc-df021-stra-pillole-rischio-e-tipo-firefox/video.webm
    ────────────────────────────────────────────────────────────────────────────────────────────────

    Error Context: ../../test-results/schedules_modal-Primo-Socc-df021-stra-pillole-rischio-e-tipo-firefox/error-context.md
]]>
</failure>
<system-out>
<![CDATA[
[[ATTACHMENT|schedules_modal-Primo-Socc-df021-stra-pillole-rischio-e-tipo-firefox/test-failed-1.png]]

[[ATTACHMENT|schedules_modal-Primo-Socc-df021-stra-pillole-rischio-e-tipo-firefox/video.webm]]

[[ATTACHMENT|schedules_modal-Primo-Socc-df021-stra-pillole-rischio-e-tipo-firefox/error-context.md]]
]]>
</system-out>
</testcase>
</testsuite>
<testsuite name="schedules_modal.spec.ts" timestamp="2025-09-26T10:32:10.273Z" hostname="webkit" tests="5" failures="4" skipped="0" time="121.967" errors="0">
<testcase name="Schedules - ScheduleEventModal › smoke: apre il modal e mostra i controlli base" classname="schedules_modal.spec.ts" time="1.552">
</testcase>
<testcase name="Schedules - ScheduleEventModal › compila Step 1 (Dettagli) e verifica riepilogo ore" classname="schedules_modal.spec.ts" time="30.123">
<failure message="schedules_modal.spec.ts:132:3 compila Step 1 (Dettagli) e verifica riepilogo ore" type="FAILURE">
<![CDATA[  [webkit] › schedules_modal.spec.ts:132:3 › Schedules - ScheduleEventModal › compila Step 1 (Dettagli) e verifica riepilogo ore 

    Test timeout of 30000ms exceeded.

    Error: locator.fill: Test timeout of 30000ms exceeded.
    Call log:
      - waiting for locator('.react-select__input input').first()


      139 |     await page.locator('.react-select__control').first().click();
      140 |     // Digita parte del nome e seleziona l'opzione
    > 141 |     await page.locator('.react-select__input input').first().fill('Sicurezza');
          |                                                              ^
      142 |     await page.getByRole('option', { name: 'Corso Sicurezza Base' }).click();
      143 |
      144 |     // Sezione "Tipo Corso *": seleziona pillola "Aggiornamento" (non più react-select)
        at /Users/matteo.michielon/project 2.0/tests/e2e/schedules_modal.spec.ts:141:62

    attachment #1: screenshot (image/png) ──────────────────────────────────────────────────────────
    ../../test-results/schedules_modal-Schedules--0aa95-li-e-verifica-riepilogo-ore-webkit/test-failed-1.png
    ────────────────────────────────────────────────────────────────────────────────────────────────

    attachment #2: video (video/webm) ──────────────────────────────────────────────────────────────
    ../../test-results/schedules_modal-Schedules--0aa95-li-e-verifica-riepilogo-ore-webkit/video.webm
    ────────────────────────────────────────────────────────────────────────────────────────────────

    Error Context: ../../test-results/schedules_modal-Schedules--0aa95-li-e-verifica-riepilogo-ore-webkit/error-context.md
]]>
</failure>
<system-out>
<![CDATA[
[[ATTACHMENT|schedules_modal-Schedules--0aa95-li-e-verifica-riepilogo-ore-webkit/test-failed-1.png]]

[[ATTACHMENT|schedules_modal-Schedules--0aa95-li-e-verifica-riepilogo-ore-webkit/video.webm]]

[[ATTACHMENT|schedules_modal-Schedules--0aa95-li-e-verifica-riepilogo-ore-webkit/error-context.md]]
]]>
</system-out>
</testcase>
<testcase name="Schedules - ScheduleEventModal › macro-corso con varianti: mostra pillole rischio/tipo, auto-selezione rischio unico e required" classname="schedules_modal.spec.ts" time="30.105">
<failure message="schedules_modal.spec.ts:171:3 macro-corso con varianti: mostra pillole rischio/tipo, auto-selezione rischio unico e required" type="FAILURE">
<![CDATA[  [webkit] › schedules_modal.spec.ts:171:3 › Schedules - ScheduleEventModal › macro-corso con varianti: mostra pillole rischio/tipo, auto-selezione rischio unico e required 

    Test timeout of 30000ms exceeded.

    Error: locator.fill: Test timeout of 30000ms exceeded.
    Call log:
      - waiting for locator('.react-select__input input').first()


      175 |     // Seleziona "Corso Sicurezza Base" (solo rischio BASSO, tipo con 2 opzioni)
      176 |     await page.locator('.react-select__control').first().click();
    > 177 |     await page.locator('.react-select__input input').first().fill('Sicurezza');
          |                                                              ^
      178 |     await page.getByRole('option', { name: 'Corso Sicurezza Base' }).click();
      179 |
      180 |     // Rischio: sezione required e pillole presenti, auto-selezione "Basso"
        at /Users/matteo.michielon/project 2.0/tests/e2e/schedules_modal.spec.ts:177:62

    attachment #1: screenshot (image/png) ──────────────────────────────────────────────────────────
    ../../test-results/schedules_modal-Schedules--f52e9-ne-rischio-unico-e-required-webkit/test-failed-1.png
    ────────────────────────────────────────────────────────────────────────────────────────────────

    attachment #2: video (video/webm) ──────────────────────────────────────────────────────────────
    ../../test-results/schedules_modal-Schedules--f52e9-ne-rischio-unico-e-required-webkit/video.webm
    ────────────────────────────────────────────────────────────────────────────────────────────────

    Error Context: ../../test-results/schedules_modal-Schedules--f52e9-ne-rischio-unico-e-required-webkit/error-context.md
]]>
</failure>
<system-out>
<![CDATA[
[[ATTACHMENT|schedules_modal-Schedules--f52e9-ne-rischio-unico-e-required-webkit/test-failed-1.png]]

[[ATTACHMENT|schedules_modal-Schedules--f52e9-ne-rischio-unico-e-required-webkit/video.webm]]

[[ATTACHMENT|schedules_modal-Schedules--f52e9-ne-rischio-unico-e-required-webkit/error-context.md]]
]]>
</system-out>
</testcase>
<testcase name="Schedules - ScheduleEventModal › macro-corso senza varianti: sezione disabilitata e reset quando si cambia corso" classname="schedules_modal.spec.ts" time="30.089">
<failure message="schedules_modal.spec.ts:202:3 macro-corso senza varianti: sezione disabilitata e reset quando si cambia corso" type="FAILURE">
<![CDATA[  [webkit] › schedules_modal.spec.ts:202:3 › Schedules - ScheduleEventModal › macro-corso senza varianti: sezione disabilitata e reset quando si cambia corso 

    Test timeout of 30000ms exceeded.

    Error: locator.fill: Test timeout of 30000ms exceeded.
    Call log:
      - waiting for locator('.react-select__input input').first()


      206 |     // 1) Seleziona macro-corso con varianti -> rischio auto-selezionato Basso
      207 |     await page.locator('.react-select__control').first().click();
    > 208 |     await page.locator('.react-select__input input').first().fill('Sicurezza');
          |                                                              ^
      209 |     await page.getByRole('option', { name: 'Corso Sicurezza Base' }).click();
      210 |     const rischioSection = page.getByText('Livello di Rischio *').locator('..');
      211 |     await expect(rischioSection.getByRole('button', { name: 'Basso' })).toHaveClass(/bg-primary-100/);
        at /Users/matteo.michielon/project 2.0/tests/e2e/schedules_modal.spec.ts:208:62

    attachment #1: screenshot (image/png) ──────────────────────────────────────────────────────────
    ../../test-results/schedules_modal-Schedules--0b33d-eset-quando-si-cambia-corso-webkit/test-failed-1.png
    ────────────────────────────────────────────────────────────────────────────────────────────────

    attachment #2: video (video/webm) ──────────────────────────────────────────────────────────────
    ../../test-results/schedules_modal-Schedules--0b33d-eset-quando-si-cambia-corso-webkit/video.webm
    ────────────────────────────────────────────────────────────────────────────────────────────────

    Error Context: ../../test-results/schedules_modal-Schedules--0b33d-eset-quando-si-cambia-corso-webkit/error-context.md
]]>
</failure>
<system-out>
<![CDATA[
[[ATTACHMENT|schedules_modal-Schedules--0b33d-eset-quando-si-cambia-corso-webkit/test-failed-1.png]]

[[ATTACHMENT|schedules_modal-Schedules--0b33d-eset-quando-si-cambia-corso-webkit/video.webm]]

[[ATTACHMENT|schedules_modal-Schedules--0b33d-eset-quando-si-cambia-corso-webkit/error-context.md]]
]]>
</system-out>
</testcase>
<testcase name="Primo Soccorso con più varianti: mostra pillole rischio e tipo" classname="schedules_modal.spec.ts" time="30.098">
<failure message="schedules_modal.spec.ts:237:3 Primo Soccorso con più varianti: mostra pillole rischio e tipo" type="FAILURE">
<![CDATA[  [webkit] › schedules_modal.spec.ts:237:3 › Primo Soccorso con più varianti: mostra pillole rischio e tipo 

    Test timeout of 30000ms exceeded.

    Error: locator.fill: Test timeout of 30000ms exceeded.
    Call log:
      - waiting for locator('.react-select__input input').first()


      400 |     await courseSelect.click();
      401 |     // Digita direttamente tramite input dell'AsyncSelect per garantire l'apertura del menu
    > 402 |     await page.locator('.react-select__input input').first().fill('Primo');
          |                                                              ^
      403 |     await expect(page.getByRole('option', { name: 'Primo Soccorso' })).toBeVisible({ timeout: 10000 });
      404 |     await page.getByRole('option', { name: 'Primo Soccorso' }).click();
      405 |
        at /Users/matteo.michielon/project 2.0/tests/e2e/schedules_modal.spec.ts:402:62

    attachment #1: screenshot (image/png) ──────────────────────────────────────────────────────────
    ../../test-results/schedules_modal-Primo-Socc-df021-stra-pillole-rischio-e-tipo-webkit/test-failed-1.png
    ────────────────────────────────────────────────────────────────────────────────────────────────

    attachment #2: video (video/webm) ──────────────────────────────────────────────────────────────
    ../../test-results/schedules_modal-Primo-Socc-df021-stra-pillole-rischio-e-tipo-webkit/video.webm
    ────────────────────────────────────────────────────────────────────────────────────────────────

    Error Context: ../../test-results/schedules_modal-Primo-Socc-df021-stra-pillole-rischio-e-tipo-webkit/error-context.md
]]>
</failure>
<system-out>
<![CDATA[
[[ATTACHMENT|schedules_modal-Primo-Socc-df021-stra-pillole-rischio-e-tipo-webkit/test-failed-1.png]]

[[ATTACHMENT|schedules_modal-Primo-Socc-df021-stra-pillole-rischio-e-tipo-webkit/video.webm]]

[[ATTACHMENT|schedules_modal-Primo-Socc-df021-stra-pillole-rischio-e-tipo-webkit/error-context.md]]
]]>
</system-out>
</testcase>
</testsuite>
<testsuite name="schedules_modal.spec.ts" timestamp="2025-09-26T10:32:10.273Z" hostname="Mobile Chrome" tests="5" failures="4" skipped="0" time="121.451" errors="0">
<testcase name="Schedules - ScheduleEventModal › smoke: apre il modal e mostra i controlli base" classname="schedules_modal.spec.ts" time="0.913">
</testcase>
<testcase name="Schedules - ScheduleEventModal › compila Step 1 (Dettagli) e verifica riepilogo ore" classname="schedules_modal.spec.ts" time="30.124">
<failure message="schedules_modal.spec.ts:132:3 compila Step 1 (Dettagli) e verifica riepilogo ore" type="FAILURE">
<![CDATA[  [Mobile Chrome] › schedules_modal.spec.ts:132:3 › Schedules - ScheduleEventModal › compila Step 1 (Dettagli) e verifica riepilogo ore 

    Test timeout of 30000ms exceeded.

    Error: locator.fill: Test timeout of 30000ms exceeded.
    Call log:
      - waiting for locator('.react-select__input input').first()


      139 |     await page.locator('.react-select__control').first().click();
      140 |     // Digita parte del nome e seleziona l'opzione
    > 141 |     await page.locator('.react-select__input input').first().fill('Sicurezza');
          |                                                              ^
      142 |     await page.getByRole('option', { name: 'Corso Sicurezza Base' }).click();
      143 |
      144 |     // Sezione "Tipo Corso *": seleziona pillola "Aggiornamento" (non più react-select)
        at /Users/matteo.michielon/project 2.0/tests/e2e/schedules_modal.spec.ts:141:62

    attachment #1: screenshot (image/png) ──────────────────────────────────────────────────────────
    ../../test-results/schedules_modal-Schedules--0aa95-li-e-verifica-riepilogo-ore-Mobile-Chrome/test-failed-1.png
    ────────────────────────────────────────────────────────────────────────────────────────────────

    attachment #2: video (video/webm) ──────────────────────────────────────────────────────────────
    ../../test-results/schedules_modal-Schedules--0aa95-li-e-verifica-riepilogo-ore-Mobile-Chrome/video.webm
    ────────────────────────────────────────────────────────────────────────────────────────────────

    Error Context: ../../test-results/schedules_modal-Schedules--0aa95-li-e-verifica-riepilogo-ore-Mobile-Chrome/error-context.md
]]>
</failure>
<system-out>
<![CDATA[
[[ATTACHMENT|schedules_modal-Schedules--0aa95-li-e-verifica-riepilogo-ore-Mobile-Chrome/test-failed-1.png]]

[[ATTACHMENT|schedules_modal-Schedules--0aa95-li-e-verifica-riepilogo-ore-Mobile-Chrome/video.webm]]

[[ATTACHMENT|schedules_modal-Schedules--0aa95-li-e-verifica-riepilogo-ore-Mobile-Chrome/error-context.md]]
]]>
</system-out>
</testcase>
<testcase name="Schedules - ScheduleEventModal › macro-corso con varianti: mostra pillole rischio/tipo, auto-selezione rischio unico e required" classname="schedules_modal.spec.ts" time="30.156">
<failure message="schedules_modal.spec.ts:171:3 macro-corso con varianti: mostra pillole rischio/tipo, auto-selezione rischio unico e required" type="FAILURE">
<![CDATA[  [Mobile Chrome] › schedules_modal.spec.ts:171:3 › Schedules - ScheduleEventModal › macro-corso con varianti: mostra pillole rischio/tipo, auto-selezione rischio unico e required 

    Test timeout of 30000ms exceeded.

    Error: locator.fill: Test timeout of 30000ms exceeded.
    Call log:
      - waiting for locator('.react-select__input input').first()


      175 |     // Seleziona "Corso Sicurezza Base" (solo rischio BASSO, tipo con 2 opzioni)
      176 |     await page.locator('.react-select__control').first().click();
    > 177 |     await page.locator('.react-select__input input').first().fill('Sicurezza');
          |                                                              ^
      178 |     await page.getByRole('option', { name: 'Corso Sicurezza Base' }).click();
      179 |
      180 |     // Rischio: sezione required e pillole presenti, auto-selezione "Basso"
        at /Users/matteo.michielon/project 2.0/tests/e2e/schedules_modal.spec.ts:177:62

    attachment #1: screenshot (image/png) ──────────────────────────────────────────────────────────
    ../../test-results/schedules_modal-Schedules--f52e9-ne-rischio-unico-e-required-Mobile-Chrome/test-failed-1.png
    ────────────────────────────────────────────────────────────────────────────────────────────────

    attachment #2: video (video/webm) ──────────────────────────────────────────────────────────────
    ../../test-results/schedules_modal-Schedules--f52e9-ne-rischio-unico-e-required-Mobile-Chrome/video.webm
    ────────────────────────────────────────────────────────────────────────────────────────────────

    Error Context: ../../test-results/schedules_modal-Schedules--f52e9-ne-rischio-unico-e-required-Mobile-Chrome/error-context.md
]]>
</failure>
<system-out>
<![CDATA[
[[ATTACHMENT|schedules_modal-Schedules--f52e9-ne-rischio-unico-e-required-Mobile-Chrome/test-failed-1.png]]

[[ATTACHMENT|schedules_modal-Schedules--f52e9-ne-rischio-unico-e-required-Mobile-Chrome/video.webm]]

[[ATTACHMENT|schedules_modal-Schedules--f52e9-ne-rischio-unico-e-required-Mobile-Chrome/error-context.md]]
]]>
</system-out>
</testcase>
<testcase name="Schedules - ScheduleEventModal › macro-corso senza varianti: sezione disabilitata e reset quando si cambia corso" classname="schedules_modal.spec.ts" time="30.131">
<failure message="schedules_modal.spec.ts:202:3 macro-corso senza varianti: sezione disabilitata e reset quando si cambia corso" type="FAILURE">
<![CDATA[  [Mobile Chrome] › schedules_modal.spec.ts:202:3 › Schedules - ScheduleEventModal › macro-corso senza varianti: sezione disabilitata e reset quando si cambia corso 

    Test timeout of 30000ms exceeded.

    Error: locator.fill: Test timeout of 30000ms exceeded.
    Call log:
      - waiting for locator('.react-select__input input').first()


      206 |     // 1) Seleziona macro-corso con varianti -> rischio auto-selezionato Basso
      207 |     await page.locator('.react-select__control').first().click();
    > 208 |     await page.locator('.react-select__input input').first().fill('Sicurezza');
          |                                                              ^
      209 |     await page.getByRole('option', { name: 'Corso Sicurezza Base' }).click();
      210 |     const rischioSection = page.getByText('Livello di Rischio *').locator('..');
      211 |     await expect(rischioSection.getByRole('button', { name: 'Basso' })).toHaveClass(/bg-primary-100/);
        at /Users/matteo.michielon/project 2.0/tests/e2e/schedules_modal.spec.ts:208:62

    attachment #1: screenshot (image/png) ──────────────────────────────────────────────────────────
    ../../test-results/schedules_modal-Schedules--0b33d-eset-quando-si-cambia-corso-Mobile-Chrome/test-failed-1.png
    ────────────────────────────────────────────────────────────────────────────────────────────────

    attachment #2: video (video/webm) ──────────────────────────────────────────────────────────────
    ../../test-results/schedules_modal-Schedules--0b33d-eset-quando-si-cambia-corso-Mobile-Chrome/video.webm
    ────────────────────────────────────────────────────────────────────────────────────────────────

    Error Context: ../../test-results/schedules_modal-Schedules--0b33d-eset-quando-si-cambia-corso-Mobile-Chrome/error-context.md
]]>
</failure>
<system-out>
<![CDATA[
[[ATTACHMENT|schedules_modal-Schedules--0b33d-eset-quando-si-cambia-corso-Mobile-Chrome/test-failed-1.png]]

[[ATTACHMENT|schedules_modal-Schedules--0b33d-eset-quando-si-cambia-corso-Mobile-Chrome/video.webm]]

[[ATTACHMENT|schedules_modal-Schedules--0b33d-eset-quando-si-cambia-corso-Mobile-Chrome/error-context.md]]
]]>
</system-out>
</testcase>
<testcase name="Primo Soccorso con più varianti: mostra pillole rischio e tipo" classname="schedules_modal.spec.ts" time="30.127">
<failure message="schedules_modal.spec.ts:237:3 Primo Soccorso con più varianti: mostra pillole rischio e tipo" type="FAILURE">
<![CDATA[  [Mobile Chrome] › schedules_modal.spec.ts:237:3 › Primo Soccorso con più varianti: mostra pillole rischio e tipo 

    Test timeout of 30000ms exceeded.

    Error: locator.fill: Test timeout of 30000ms exceeded.
    Call log:
      - waiting for locator('.react-select__input input').first()


      400 |     await courseSelect.click();
      401 |     // Digita direttamente tramite input dell'AsyncSelect per garantire l'apertura del menu
    > 402 |     await page.locator('.react-select__input input').first().fill('Primo');
          |                                                              ^
      403 |     await expect(page.getByRole('option', { name: 'Primo Soccorso' })).toBeVisible({ timeout: 10000 });
      404 |     await page.getByRole('option', { name: 'Primo Soccorso' }).click();
      405 |
        at /Users/matteo.michielon/project 2.0/tests/e2e/schedules_modal.spec.ts:402:62

    attachment #1: screenshot (image/png) ──────────────────────────────────────────────────────────
    ../../test-results/schedules_modal-Primo-Socc-df021-stra-pillole-rischio-e-tipo-Mobile-Chrome/test-failed-1.png
    ────────────────────────────────────────────────────────────────────────────────────────────────

    attachment #2: video (video/webm) ──────────────────────────────────────────────────────────────
    ../../test-results/schedules_modal-Primo-Socc-df021-stra-pillole-rischio-e-tipo-Mobile-Chrome/video.webm
    ────────────────────────────────────────────────────────────────────────────────────────────────

    Error Context: ../../test-results/schedules_modal-Primo-Socc-df021-stra-pillole-rischio-e-tipo-Mobile-Chrome/error-context.md
]]>
</failure>
<system-out>
<![CDATA[
[[ATTACHMENT|schedules_modal-Primo-Socc-df021-stra-pillole-rischio-e-tipo-Mobile-Chrome/test-failed-1.png]]

[[ATTACHMENT|schedules_modal-Primo-Socc-df021-stra-pillole-rischio-e-tipo-Mobile-Chrome/video.webm]]

[[ATTACHMENT|schedules_modal-Primo-Socc-df021-stra-pillole-rischio-e-tipo-Mobile-Chrome/error-context.md]]
]]>
</system-out>
</testcase>
</testsuite>
<testsuite name="schedules_modal.spec.ts" timestamp="2025-09-26T10:32:10.273Z" hostname="Mobile Safari" tests="5" failures="4" skipped="0" time="121.143" errors="0">
<testcase name="Schedules - ScheduleEventModal › smoke: apre il modal e mostra i controlli base" classname="schedules_modal.spec.ts" time="0.805">
</testcase>
<testcase name="Schedules - ScheduleEventModal › compila Step 1 (Dettagli) e verifica riepilogo ore" classname="schedules_modal.spec.ts" time="30.084">
<failure message="schedules_modal.spec.ts:132:3 compila Step 1 (Dettagli) e verifica riepilogo ore" type="FAILURE">
<![CDATA[  [Mobile Safari] › schedules_modal.spec.ts:132:3 › Schedules - ScheduleEventModal › compila Step 1 (Dettagli) e verifica riepilogo ore 

    Test timeout of 30000ms exceeded.

    Error: locator.fill: Test timeout of 30000ms exceeded.
    Call log:
      - waiting for locator('.react-select__input input').first()


      139 |     await page.locator('.react-select__control').first().click();
      140 |     // Digita parte del nome e seleziona l'opzione
    > 141 |     await page.locator('.react-select__input input').first().fill('Sicurezza');
          |                                                              ^
      142 |     await page.getByRole('option', { name: 'Corso Sicurezza Base' }).click();
      143 |
      144 |     // Sezione "Tipo Corso *": seleziona pillola "Aggiornamento" (non più react-select)
        at /Users/matteo.michielon/project 2.0/tests/e2e/schedules_modal.spec.ts:141:62

    attachment #1: screenshot (image/png) ──────────────────────────────────────────────────────────
    ../../test-results/schedules_modal-Schedules--0aa95-li-e-verifica-riepilogo-ore-Mobile-Safari/test-failed-1.png
    ────────────────────────────────────────────────────────────────────────────────────────────────

    attachment #2: video (video/webm) ──────────────────────────────────────────────────────────────
    ../../test-results/schedules_modal-Schedules--0aa95-li-e-verifica-riepilogo-ore-Mobile-Safari/video.webm
    ────────────────────────────────────────────────────────────────────────────────────────────────

    Error Context: ../../test-results/schedules_modal-Schedules--0aa95-li-e-verifica-riepilogo-ore-Mobile-Safari/error-context.md
]]>
</failure>
<system-out>
<![CDATA[
[[ATTACHMENT|schedules_modal-Schedules--0aa95-li-e-verifica-riepilogo-ore-Mobile-Safari/test-failed-1.png]]

[[ATTACHMENT|schedules_modal-Schedules--0aa95-li-e-verifica-riepilogo-ore-Mobile-Safari/video.webm]]

[[ATTACHMENT|schedules_modal-Schedules--0aa95-li-e-verifica-riepilogo-ore-Mobile-Safari/error-context.md]]
]]>
</system-out>
</testcase>
<testcase name="Schedules - ScheduleEventModal › macro-corso con varianti: mostra pillole rischio/tipo, auto-selezione rischio unico e required" classname="schedules_modal.spec.ts" time="30.084">
<failure message="schedules_modal.spec.ts:171:3 macro-corso con varianti: mostra pillole rischio/tipo, auto-selezione rischio unico e required" type="FAILURE">
<![CDATA[  [Mobile Safari] › schedules_modal.spec.ts:171:3 › Schedules - ScheduleEventModal › macro-corso con varianti: mostra pillole rischio/tipo, auto-selezione rischio unico e required 

    Test timeout of 30000ms exceeded.

    Error: locator.fill: Test timeout of 30000ms exceeded.
    Call log:
      - waiting for locator('.react-select__input input').first()


      175 |     // Seleziona "Corso Sicurezza Base" (solo rischio BASSO, tipo con 2 opzioni)
      176 |     await page.locator('.react-select__control').first().click();
    > 177 |     await page.locator('.react-select__input input').first().fill('Sicurezza');
          |                                                              ^
      178 |     await page.getByRole('option', { name: 'Corso Sicurezza Base' }).click();
      179 |
      180 |     // Rischio: sezione required e pillole presenti, auto-selezione "Basso"
        at /Users/matteo.michielon/project 2.0/tests/e2e/schedules_modal.spec.ts:177:62

    attachment #1: screenshot (image/png) ──────────────────────────────────────────────────────────
    ../../test-results/schedules_modal-Schedules--f52e9-ne-rischio-unico-e-required-Mobile-Safari/test-failed-1.png
    ────────────────────────────────────────────────────────────────────────────────────────────────

    attachment #2: video (video/webm) ──────────────────────────────────────────────────────────────
    ../../test-results/schedules_modal-Schedules--f52e9-ne-rischio-unico-e-required-Mobile-Safari/video.webm
    ────────────────────────────────────────────────────────────────────────────────────────────────

    Error Context: ../../test-results/schedules_modal-Schedules--f52e9-ne-rischio-unico-e-required-Mobile-Safari/error-context.md
]]>
</failure>
<system-out>
<![CDATA[
[[ATTACHMENT|schedules_modal-Schedules--f52e9-ne-rischio-unico-e-required-Mobile-Safari/test-failed-1.png]]

[[ATTACHMENT|schedules_modal-Schedules--f52e9-ne-rischio-unico-e-required-Mobile-Safari/video.webm]]

[[ATTACHMENT|schedules_modal-Schedules--f52e9-ne-rischio-unico-e-required-Mobile-Safari/error-context.md]]
]]>
</system-out>
</testcase>
<testcase name="Schedules - ScheduleEventModal › macro-corso senza varianti: sezione disabilitata e reset quando si cambia corso" classname="schedules_modal.spec.ts" time="30.08">
<failure message="schedules_modal.spec.ts:202:3 macro-corso senza varianti: sezione disabilitata e reset quando si cambia corso" type="FAILURE">
<![CDATA[  [Mobile Safari] › schedules_modal.spec.ts:202:3 › Schedules - ScheduleEventModal › macro-corso senza varianti: sezione disabilitata e reset quando si cambia corso 

    Test timeout of 30000ms exceeded.

    Error: locator.fill: Test timeout of 30000ms exceeded.
    Call log:
      - waiting for locator('.react-select__input input').first()


      206 |     // 1) Seleziona macro-corso con varianti -> rischio auto-selezionato Basso
      207 |     await page.locator('.react-select__control').first().click();
    > 208 |     await page.locator('.react-select__input input').first().fill('Sicurezza');
          |                                                              ^
      209 |     await page.getByRole('option', { name: 'Corso Sicurezza Base' }).click();
      210 |     const rischioSection = page.getByText('Livello di Rischio *').locator('..');
      211 |     await expect(rischioSection.getByRole('button', { name: 'Basso' })).toHaveClass(/bg-primary-100/);
        at /Users/matteo.michielon/project 2.0/tests/e2e/schedules_modal.spec.ts:208:62

    attachment #1: screenshot (image/png) ──────────────────────────────────────────────────────────
    ../../test-results/schedules_modal-Schedules--0b33d-eset-quando-si-cambia-corso-Mobile-Safari/test-failed-1.png
    ────────────────────────────────────────────────────────────────────────────────────────────────

    attachment #2: video (video/webm) ──────────────────────────────────────────────────────────────
    ../../test-results/schedules_modal-Schedules--0b33d-eset-quando-si-cambia-corso-Mobile-Safari/video.webm
    ────────────────────────────────────────────────────────────────────────────────────────────────

    Error Context: ../../test-results/schedules_modal-Schedules--0b33d-eset-quando-si-cambia-corso-Mobile-Safari/error-context.md
]]>
</failure>
<system-out>
<![CDATA[
[[ATTACHMENT|schedules_modal-Schedules--0b33d-eset-quando-si-cambia-corso-Mobile-Safari/test-failed-1.png]]

[[ATTACHMENT|schedules_modal-Schedules--0b33d-eset-quando-si-cambia-corso-Mobile-Safari/video.webm]]

[[ATTACHMENT|schedules_modal-Schedules--0b33d-eset-quando-si-cambia-corso-Mobile-Safari/error-context.md]]
]]>
</system-out>
</testcase>
<testcase name="Primo Soccorso con più varianti: mostra pillole rischio e tipo" classname="schedules_modal.spec.ts" time="30.09">
<failure message="schedules_modal.spec.ts:237:3 Primo Soccorso con più varianti: mostra pillole rischio e tipo" type="FAILURE">
<![CDATA[  [Mobile Safari] › schedules_modal.spec.ts:237:3 › Primo Soccorso con più varianti: mostra pillole rischio e tipo 

    Test timeout of 30000ms exceeded.

    Error: locator.fill: Test timeout of 30000ms exceeded.
    Call log:
      - waiting for locator('.react-select__input input').first()


      400 |     await courseSelect.click();
      401 |     // Digita direttamente tramite input dell'AsyncSelect per garantire l'apertura del menu
    > 402 |     await page.locator('.react-select__input input').first().fill('Primo');
          |                                                              ^
      403 |     await expect(page.getByRole('option', { name: 'Primo Soccorso' })).toBeVisible({ timeout: 10000 });
      404 |     await page.getByRole('option', { name: 'Primo Soccorso' }).click();
      405 |
        at /Users/matteo.michielon/project 2.0/tests/e2e/schedules_modal.spec.ts:402:62

    attachment #1: screenshot (image/png) ──────────────────────────────────────────────────────────
    ../../test-results/schedules_modal-Primo-Socc-df021-stra-pillole-rischio-e-tipo-Mobile-Safari/test-failed-1.png
    ────────────────────────────────────────────────────────────────────────────────────────────────

    attachment #2: video (video/webm) ──────────────────────────────────────────────────────────────
    ../../test-results/schedules_modal-Primo-Socc-df021-stra-pillole-rischio-e-tipo-Mobile-Safari/video.webm
    ────────────────────────────────────────────────────────────────────────────────────────────────

    Error Context: ../../test-results/schedules_modal-Primo-Socc-df021-stra-pillole-rischio-e-tipo-Mobile-Safari/error-context.md
]]>
</failure>
<system-out>
<![CDATA[
[[ATTACHMENT|schedules_modal-Primo-Socc-df021-stra-pillole-rischio-e-tipo-Mobile-Safari/test-failed-1.png]]

[[ATTACHMENT|schedules_modal-Primo-Socc-df021-stra-pillole-rischio-e-tipo-Mobile-Safari/video.webm]]

[[ATTACHMENT|schedules_modal-Primo-Socc-df021-stra-pillole-rischio-e-tipo-Mobile-Safari/error-context.md]]
]]>
</system-out>
</testcase>
</testsuite>
</testsuites>